still working... [drifting]
still working... [awake]
still working... [drifting]
still working... [drifting]
still working... [numbness]
still working... [awake]
still working... [drifting]
contract violated.
still working... [drifting]
still working... [drifting]
still working... [numbness]
still working... [numbness]
still working... [numbness]
contract violated.
still working... [drifting]
still working... [awake]
still working... [numbness]
still working... [numbness]
still working... [awake]
still working... [awake]
still working... [awake]
still working... [numbness]
still working... [awake]
still working... [awake]
still working... [awake]
still working... [numbness]
still working... [drifting]
still working... [awake]
We really weren’t meant to be together
still working... [numbness]
still working... [drifting]
still working... [awake]
still working... [drifting]
still working... [awake]
still working... [awake]
still working... [awake]
still working... [numbness]
still working... [drifting]
still working... [awake]
still working... [drifting]
still working... [awake]
still working... [awake]
contract violated.
still working... [awake]
still working... [awake]
still working... [awake]
still working... [numbness]
still working... [drifting]
contract violated.
still working... [drifting]
still working... [drifting]
still working... [drifting]
still working... [awake]
still working... [drifting]
still working... [awake]
We really weren’t meant to be together
